1. Create a Database called music?

use music
switched to db music























2.Create a collection called songdetails?

 db.createCollection("songdetails")
{ "ok" : 1 }
























3.Create the above 5 song documents?

 > db.songdetails.insert({"Song Name":"Thaniye Thananthaniye","Film":"Rhythm","Music Director":"A.R.Rahman","Singer","Shankar mahadevan"})
2019-01-08T12:43:42.362+0530 E QUERY    [thread1] SyntaxError: missing : after property id @(shell):1:113
> db.songdetails.insert({"Song Name":"Thaniye Thananthaniye","Film":"Rhythm","Music Director":"A.R.Rahman","Singer":"Shankar mahadevan"})
WriteResult({ "nInserted" : 1 })
> db.songdetails.insert({"Song Name":"Evano Oruvan","Film":"Alai payuthey","Music Director":"A.R.Rahman","Singer":"Swarnalatha"})
WriteResult({ "nInserted" : 1 })
> db.songdetails.insert({"Song Name":"Roja Poonthottam","Film":"Kannukkul Nilavu","Music Director":"Ilayaraja","Singer":"Unnikrishnan,Anuradha Sriram"})
WriteResult({ "nInserted" : 1 })
> db.songdetails.insert({"Song Name":"Vennilave Vennilave Vinnaithaandi","Film":"Minsara Kanavu","Music Director":"A.R.Rahman","Singer":"Hariharan,Sadhana sargam"})
WriteResult({ "nInserted" : 1 })
> db.songdetails.insert({"Song Name":"Sollamal Thottu Chellum Thendral","Film":"Dheena","Music Director":"Yuvan Shankar Raja","Singer":"Hariharan"})
WriteResult({ "nInserted" : 1 })



















4. List all documents created?

 db.songdetails.find().pretty()
{
	"_id" : ObjectId("5c344df0c30f3577d1748687"),
	"Song Name" : "Thaniye Thananthaniye",
	"Film" : "Rhythm",
	"Music Director" : "A.R.Rahman",
	"Singer" : "Shankar mahadevan"
}
{
	"_id" : ObjectId("5c344e31c30f3577d1748688"),
	"Song Name" : "Evano Oruvan",
	"Film" : "Alai payuthey",
	"Music Director" : "A.R.Rahman",
	"Singer" : "Swarnalatha"
}
{
	"_id" : ObjectId("5c344e8ec30f3577d1748689"),
	"Song Name" : "Roja Poonthottam",
	"Film" : "Kannukkul Nilavu",
	"Music Director" : "Ilayaraja",
	"Singer" : "Unnikrishnan,Anuradha Sriram"
}
{
	"_id" : ObjectId("5c344f12c30f3577d174868a"),
	"Song Name" : "Vennilave Vennilave Vinnaithaandi",
	"Film" : "Minsara Kanavu",
	"Music Director" : "A.R.Rahman",
	"Singer" : "Hariharan,Sadhana sargam"
}
{
	"_id" : ObjectId("5c344f56c30f3577d174868b"),
	"Song Name" : "Sollamal Thottu Chellum Thendral",
	"Film" : "Dheena",
	"Music Director" : "Yuvan Shankar Raja",
	"Singer" : "Hariharan"
}




